<html>
<body>
<pre>
<h1>礦ision Build Log</h1>
<h2>Tool Versions:</h2>
IDE-Version: μVision V5.14.0.0
Copyright (C) 2015 ARM Ltd and ARM Germany GmbH. All rights reserved.
License Information: tong Qtong, Qtong, LIC=UJWBS-LJZQG-G70R6-DHZBG-5ZIP6-1JWQ7
 
Tool Versions:
Toolchain:       MDK-ARM Standard  Version: 5.14.0.0
Toolchain Path:  F:\MDK5\ARM\ARMCC\Bin
C Compiler:      Armcc.exe V5.05 update 1 (build 106)
Assembler:       Armasm.exe V5.05 update 1 (build 106)
Linker/Locator:  ArmLink.exe V5.05 update 1 (build 106)
Library Manager: ArmAr.exe V5.05 update 1 (build 106)
Hex Converter:   FromElf.exe V5.05 update 1 (build 106)
CPU DLL:         SARMCM3.DLL V5.14.0.0
Dialog DLL:      DARMSTM.DLL V1.65.0.0
Target DLL:      STLink\ST-LINKIII-KEIL_SWO.dll V2.0.14.0_KEIL
Dialog DLL:      TARMSTM.DLL V1.64.0.0
 
<h2>Project:</h2>
F:\学习\STM32程序\灭火程序\USER\ADC.uvprojx
Project File Date:  12/09/2019

<h2>Output:</h2>
Build target 'ADC'
compiling main.c...
..\HARDWARE\MQ2\mq2.h(9): warning:  #1295-D: Deprecated declaration BEEP_Init - give arg types
  extern void BEEP_Init();
..\HARDWARE\MQ2\mq2.h(10): warning:  #1295-D: Deprecated declaration flame_read - give arg types
  extern u8 flame_read();
..\HARDWARE\MQ2\mq2.h(11): warning:  #1295-D: Deprecated declaration MOTOR_Init - give arg types
  extern void MOTOR_Init();
..\HARDWARE\MQ2\mq2.h(12): warning:  #1295-D: Deprecated declaration MOTOR_Z - give arg types
  extern void MOTOR_Z();
..\HARDWARE\MQ2\mq2.h(13): warning:  #1295-D: Deprecated declaration MOTOR_F - give arg types
  extern void MOTOR_F();
main.c(21): warning:  #177-D: variable "flame" was declared but never referenced
        short temperature,threshold_T=0,flame=0;//定义温度
main.c: 6 warnings, 0 errors
linking...
Program Size: Code=30770 RO-data=6458 RW-data=56 ZI-data=1848  
FromELF: creating hex file...
"..\OBJ\ADC.axf" - 0 Error(s), 6 Warning(s).

<h2>Collection of Component include folders:</h2>
  F:\学习\STM32程序\灭火程序\USER\RTE
  F:\MDK5\ARM\PACK\Keil\STM32F1xx_DFP\2.3.0

<h2>Collection of Component Files used:</h2>
</pre>
</body>
</html>
